[11:10:17.854] [INFO] Checking the health of your Storybook..
[11:10:17.854] [DEBUG] Getting Storybook info...
[11:10:17.855] [DEBUG] Loading main config...
[11:10:17.900] [DEBUG] Getting stories paths...
[11:10:17.909] [DEBUG] Getting package manager...
[11:10:18.229] [DEBUG] Getting Storybook version...
[11:10:18.509] [WARN] .storybook: 1 issue found
[11:10:18.509] [INFO] You are currently using Storybook 9.1.4 but you have packages which are incompatible with it:

- @storybook/addon-essentials@8.6.8 which depends on 8.6.8
 Repo: https://github.com/storybookjs/storybook/tree/next/code/addons/essentials
- @storybook/addon-interactions@8.6.8 which depends on 8.6.8
 Repo: https://github.com/storybookjs/storybook/tree/next/code/addons/interactions
- @storybook/blocks@8.6.14 which depends on ^8.6.14
 Repo: https://github.com/storybookjs/storybook/tree/next/code/lib/blocks
- @storybook/test@8.6.14 which depends on 8.6.14
 Repo: https://github.com/storybookjs/storybook/tree/next/code/lib/test

Please consider updating your packages or contacting the maintainers for compatibility details.

For more on Storybook 9 compatibility, see the linked GitHub issue:
https://github.com/storybookjs/storybook/issues/30944
[11:10:18.513] [INFO] Storybook doctor is complete!
[11:10:18.513] [INFO] You can always recheck the health of your project(s) by running:
npx storybook doctor